// Jest Snapshot v1, https://goo.gl/fbAQLP

exports[`wz-textarea renders value 1`] = `
<wz-textarea
  class="hydrated"
  value="Hello, my name is Marty McFly"
>
  
  <wz-form-error>
    <textarea
      rows="3"
    />
  </wz-form-error>
</wz-textarea>
`;
