// Jest Snapshot v1, https://goo.gl/fbAQLP

exports[`withTheme functions correctly without an overriding theme object 1`] = `"<div></div>"`;
