// Jest Snapshot v1, https://goo.gl/fbAQLP

exports[`wz-input renders value 1`] = `
<wz-form-error
  class="hydrated"
  error="Uh, oh"
>
  
  
  <div
    class="error"
  >
    
    Something
    <wz-error>
      Uh, oh
    </wz-error>
  </div>
</wz-form-error>
`;
