// Jest Snapshot v1, https://goo.gl/fbAQLP

exports[`wz-select should render a select-component 1`] = `"<wz-select class=\\"hydrated\\"><select><option selected=\\"\\" value=\\"1\\">First Option</option><option option=\\"2\\">Second Option</option></select></wz-select>"`;
