// Jest Snapshot v1, https://goo.gl/fbAQLP

exports[`wz-switch renders value 1`] = `
<wz-switch
  class="hydrated"
>
  
  
      
  <div
    class="checkbox"
  >
    <input
      id=""
      type="checkbox"
    />
    <label
      for=""
    />
  </div>
</wz-switch>
`;
