// Jest Snapshot v1, https://goo.gl/fbAQLP

exports[`wz-icon renders icon 1`] = `
<wz-icon
  class="hydrated"
  icon="clear"
>
  
  <div
    class="icon-container medium"
  >
    <icon-clear />
  </div>
</wz-icon>
`;
